// Vitest Snapshot v1, https://vitest.dev/guide/snapshot.html

exports[`Cart component renders correctly 1`] = `
<DocumentFragment>
  <div
    class="cart"
  >
    <h2>
      Cart
    </h2>
    <ul />
    <p>
      Total: $0.00
    </p>
    <button>
      Checkout
    </button>
  </div>
</DocumentFragment>
`;
